
> @yylo/benchmark@0.1.0-rc.8 test
> vitest run test/v2/phase1-contracts.test.ts


 RUN  v1.6.1 /Users/mahdiyar/Code/CA_JUNOAI/playground/juno-mono-002-worktrees/e4oMSm/juno-benchmark

 ❯ test/v2/phase1-contracts.test.ts  (4 tests | 4 failed) 7ms
   ❯ test/v2/phase1-contracts.test.ts > 88c6Mi phase 1 unified v2 contracts > P1-A1 normalizes task and workflow cases into one serialized AttemptPlan contract
     → v2 contract module must exist: expected null not to be null
   ❯ test/v2/phase1-contracts.test.ts > 88c6Mi phase 1 unified v2 contracts > P1-A2 serializes canonical v2 case, plan, evidence, evaluation, and report provenance with yylo_version only
     → v2 contract module must exist: expected null not to be null
   ❯ test/v2/phase1-contracts.test.ts > 88c6Mi phase 1 unified v2 contracts > P1-A3 projects hash-verified v1 task and workflow evidence in memory without mutating bytes
     → v2 contract module must exist: expected null not to be null
   ❯ test/v2/phase1-contracts.test.ts > 88c6Mi phase 1 unified v2 contracts > P1-A4 binds evaluator generation and requested/resolved/observed identities separately
     → v2 contract module must exist: expected null not to be null

⎯⎯⎯⎯⎯⎯⎯ Failed Tests 4 ⎯⎯⎯⎯⎯⎯⎯

 FAIL  test/v2/phase1-contracts.test.ts > 88c6Mi phase 1 unified v2 contracts > P1-A1 normalizes task and workflow cases into one serialized AttemptPlan contract
AssertionError: v2 contract module must exist: expected null not to be null
 ❯ test/v2/phase1-contracts.test.ts:29:54
     27|   it('P1-A1 normalizes task and workflow cases into one serialized Att…
     28|     const api = await v2();
     29|     expect(api, 'v2 contract module must exist').not.toBeNull();
       |                                                      ^
     30|     const task = api!.normalizeCase({ kind: 'task', case_id: 'task-1',…
     31|     const workflow = api!.normalizeCase({ kind: 'workflow', case_id: '…

⎯⎯⎯⎯⎯⎯⎯⎯⎯⎯⎯⎯⎯⎯⎯⎯⎯⎯⎯⎯⎯⎯⎯⎯[1/4]⎯

 FAIL  test/v2/phase1-contracts.test.ts > 88c6Mi phase 1 unified v2 contracts > P1-A2 serializes canonical v2 case, plan, evidence, evaluation, and report provenance with yylo_version only
AssertionError: v2 contract module must exist: expected null not to be null
 ❯ test/v2/phase1-contracts.test.ts:41:54


⎯⎯⎯⎯⎯⎯⎯⎯⎯⎯⎯⎯⎯⎯⎯⎯⎯⎯⎯⎯⎯⎯⎯⎯[2/4]⎯

 FAIL  test/v2/phase1-contracts.test.ts > 88c6Mi phase 1 unified v2 contracts > P1-A3 projects hash-verified v1 task and workflow evidence in memory without mutating bytes
AssertionError: v2 contract module must exist: expected null not to be null
 ❯ test/v2/phase1-contracts.test.ts:54:54
     52|   it('P1-A3 projects hash-verified v1 task and workflow evidence in me…
     53|     const api = await v2();
     54|     expect(api, 'v2 contract module must exist').not.toBeNull();
       |                                                      ^
     55|     for (const legacy of [
     56|       { schema_version: 'juno_benchmark_attempt.v1', attempt_id: 'a1',…

⎯⎯⎯⎯⎯⎯⎯⎯⎯⎯⎯⎯⎯⎯⎯⎯⎯⎯⎯⎯⎯⎯⎯⎯[3/4]⎯

 FAIL  test/v2/phase1-contracts.test.ts > 88c6Mi phase 1 unified v2 contracts > P1-A4 binds evaluator generation and requested/resolved/observed identities separately
AssertionError: v2 contract module must exist: expected null not to be null
 ❯ test/v2/phase1-contracts.test.ts:72:54


⎯⎯⎯⎯⎯⎯⎯⎯⎯⎯⎯⎯⎯⎯⎯⎯⎯⎯⎯⎯⎯⎯⎯⎯[4/4]⎯

 Test Files  1 failed (1)
      Tests  4 failed (4)
   Start at  23:59:38
   Duration  139ms (transform 20ms, setup 11ms, collect 8ms, tests 7ms, environment 0ms, prepare 39ms)

